2026-09-13T22:00:14.689Z [ERROR]: Registration error: next is not a function
2026-09-13T22:02:57.816Z [ERROR]: Registration error: TypeError: next is not a function
    at model.<anonymous> (E:\Webskitters_Academy\REACT-JS-FULL-COURSE\backend-apis\auth-product-apis\app\models\User.js:61:3)
    at async Kareem.execPre (E:\Webskitters_Academy\REACT-JS-FULL-COURSE\backend-apis\auth-product-apis\node_modules\kareem\index.js:61:24)
    at async model.$__save (E:\Webskitters_Academy\REACT-JS-FULL-COURSE\backend-apis\auth-product-apis\node_modules\mongoose\lib\model.js:403:5)
    at async maybeTracedSave (E:\Webskitters_Academy\REACT-JS-FULL-COURSE\backend-apis\auth-product-apis\node_modules\mongoose\lib\model.js:676:7)
    at async model.create (E:\Webskitters_Academy\REACT-JS-FULL-COURSE\backend-apis\auth-product-apis\node_modules\mongoose\lib\model.js:2807:5)
    at async register (E:\Webskitters_Academy\REACT-JS-FULL-COURSE\backend-apis\auth-product-apis\app\controllers\authController.js:63:20)
2026-09-13T22:03:57.417Z [ERROR]: Verification email failed for newjohndoe@yopmail.com: connect ECONNREFUSED 127.0.0.1:587
2026-09-13T22:05:15.642Z [ERROR]: Verification email error: Error: connect ECONNREFUSED 127.0.0.1:587
    at TCPConnectWrap.afterConnect [as oncomplete] (node:net:1637:16)
2026-09-13T22:05:15.685Z [ERROR]: Verification email failed for newjohndoe@yopmail.com: connect ECONNREFUSED 127.0.0.1:587
2026-09-13T22:11:46.470Z [ERROR]: Verification email error: Error: connect ECONNREFUSED 127.0.0.1:587
    at TCPConnectWrap.afterConnect [as oncomplete] (node:net:1637:16)
2026-09-13T22:11:46.518Z [ERROR]: Verification email failed for newjohndoe@yopmail.com: connect ECONNREFUSED 127.0.0.1:587
2026-09-13T22:13:49.791Z [ERROR]: Verification email error: Error: Missing credentials for "PLAIN"
    at SMTPConnection._formatError (E:\Webskitters_Academy\REACT-JS-FULL-COURSE\backend-apis\auth-product-apis\node_modules\nodemailer\dist\cjs\smtp-connection\index.js:774:19)
    at SMTPConnection.login (E:\Webskitters_Academy\REACT-JS-FULL-COURSE\backend-apis\auth-product-apis\node_modules\nodemailer\dist\cjs\smtp-connection\index.js:458:38)
    at E:\Webskitters_Academy\REACT-JS-FULL-COURSE\backend-apis\auth-product-apis\node_modules\nodemailer\dist\cjs\smtp-transport\index.js:256:32
    at SMTPConnection.<anonymous> (E:\Webskitters_Academy\REACT-JS-FULL-COURSE\backend-apis\auth-product-apis\node_modules\nodemailer\dist\cjs\smtp-connection\index.js:181:17)
    at Object.onceWrapper (node:events:622:28)
    at SMTPConnection.emit (node:events:508:28)
    at SMTPConnection._actionEHLO (E:\Webskitters_Academy\REACT-JS-FULL-COURSE\backend-apis\auth-product-apis\node_modules\nodemailer\dist\cjs\smtp-connection\index.js:1315:14)
    at SMTPConnection._processResponse (E:\Webskitters_Academy\REACT-JS-FULL-COURSE\backend-apis\auth-product-apis\node_modules\nodemailer\dist\cjs\smtp-connection\index.js:957:20)
    at SMTPConnection._onData (E:\Webskitters_Academy\REACT-JS-FULL-COURSE\backend-apis\auth-product-apis\node_modules\nodemailer\dist\cjs\smtp-connection\index.js:737:14)
    at SMTPConnection._onSocketData (E:\Webskitters_Academy\REACT-JS-FULL-COURSE\backend-apis\auth-product-apis\node_modules\nodemailer\dist\cjs\smtp-connection\index.js:163:44)
2026-09-13T22:13:49.833Z [ERROR]: Verification email failed for newjohndoe@yopmail.com: Missing credentials for "PLAIN"
2026-09-13T22:14:08.848Z [ERROR]: Verification email error: Error: Missing credentials for "PLAIN"
    at SMTPConnection._formatError (E:\Webskitters_Academy\REACT-JS-FULL-COURSE\backend-apis\auth-product-apis\node_modules\nodemailer\dist\cjs\smtp-connection\index.js:774:19)
    at SMTPConnection.login (E:\Webskitters_Academy\REACT-JS-FULL-COURSE\backend-apis\auth-product-apis\node_modules\nodemailer\dist\cjs\smtp-connection\index.js:458:38)
    at E:\Webskitters_Academy\REACT-JS-FULL-COURSE\backend-apis\auth-product-apis\node_modules\nodemailer\dist\cjs\smtp-transport\index.js:256:32
    at SMTPConnection.<anonymous> (E:\Webskitters_Academy\REACT-JS-FULL-COURSE\backend-apis\auth-product-apis\node_modules\nodemailer\dist\cjs\smtp-connection\index.js:181:17)
    at Object.onceWrapper (node:events:622:28)
    at SMTPConnection.emit (node:events:508:28)
    at SMTPConnection._actionEHLO (E:\Webskitters_Academy\REACT-JS-FULL-COURSE\backend-apis\auth-product-apis\node_modules\nodemailer\dist\cjs\smtp-connection\index.js:1315:14)
    at SMTPConnection._processResponse (E:\Webskitters_Academy\REACT-JS-FULL-COURSE\backend-apis\auth-product-apis\node_modules\nodemailer\dist\cjs\smtp-connection\index.js:957:20)
    at SMTPConnection._onData (E:\Webskitters_Academy\REACT-JS-FULL-COURSE\backend-apis\auth-product-apis\node_modules\nodemailer\dist\cjs\smtp-connection\index.js:737:14)
    at SMTPConnection._onSocketData (E:\Webskitters_Academy\REACT-JS-FULL-COURSE\backend-apis\auth-product-apis\node_modules\nodemailer\dist\cjs\smtp-connection\index.js:163:44)
2026-09-13T22:14:08.890Z [ERROR]: Verification email failed for newjohndoe@yopmail.com: Missing credentials for "PLAIN"
2026-09-13T22:15:25.658Z [ERROR]: Verification email failed for newjohndoe@yopmail.com: Missing credentials for "PLAIN"
2026-09-13T22:23:43.504Z [ERROR]: Refresh token error: refresh_token is not defined
2026-09-13T22:24:04.738Z [ERROR]: Refresh token error: refresh_token is not defined
2026-09-13T22:24:51.864Z [ERROR]: Refresh token error: refresh_token is not defined
